src/modules/groups/groups.controller.ts(4,10): error TS2305: Module '"@prisma/client"' has no exported member 'InscriptionType'.
src/modules/groups/groups.service.ts(2,10): error TS2305: Module '"@prisma/client"' has no exported member 'Group'.
src/modules/groups/groups.service.ts(2,17): error TS2305: Module '"@prisma/client"' has no exported member 'InscriptionType'.
src/modules/groups/groups.service.ts(60,25): error TS2694: Namespace '"C:/Users/Bismilah/Downloads/Nouveau dossier (2)/appenovaacadimeca-main/appenovaacadimeca-main/node_modules/.prisma/client/default".Prisma' has no exported member 'GroupWhereInput'.
src/modules/inscriptions/inscriptions.service.ts(2,10): error TS2305: Module '"@prisma/client"' has no exported member 'InscriptionType'.
src/modules/inscriptions/inscriptions.service.ts(206,50): error TS7006: Parameter 'sum' implicitly has an 'any' type.
src/modules/inscriptions/inscriptions.service.ts(206,55): error TS7006: Parameter 'ins' implicitly has an 'any' type.
src/modules/inscriptions/inscriptions.service.ts(207,51): error TS7006: Parameter 'i' implicitly has an 'any' type.
src/modules/inscriptions/inscriptions.service.ts(208,53): error TS7006: Parameter 'i' implicitly has an 'any' type.
src/modules/inscriptions/inscriptions.service.ts(220,54): error TS7006: Parameter 'sum' implicitly has an 'any' type.
src/modules/inscriptions/inscriptions.service.ts(220,59): error TS7006: Parameter 'ins' implicitly has an 'any' type.
src/modules/inscriptions/inscriptions.service.ts(221,55): error TS7006: Parameter 'i' implicitly has an 'any' type.
src/modules/inscriptions/inscriptions.service.ts(222,57): error TS7006: Parameter 'i' implicitly has an 'any' type.
src/modules/payments/payments.service.ts(109,31): error TS7006: Parameter 'p' implicitly has an 'any' type.
src/modules/payments/payments.service.ts(111,53): error TS7006: Parameter 'sum' implicitly has an 'any' type.
src/modules/payments/payments.service.ts(111,58): error TS7006: Parameter 'payment' implicitly has an 'any' type.
src/modules/students/students.service.ts(97,45): error TS7006: Parameter 'tx' implicitly has an 'any' type.
src/modules/students/students.service.ts(390,64): error TS7006: Parameter 'inscription' implicitly has an 'any' type.
src/modules/students/students.service.ts(420,45): error TS7006: Parameter 's' implicitly has an 'any' type.
src/modules/teachers/teachers.service.ts(100,58): error TS7006: Parameter 'sum' implicitly has an 'any' type.
src/modules/teachers/teachers.service.ts(100,63): error TS7006: Parameter 'group' implicitly has an 'any' type.
src/modules/transactions/transactions.service.ts(2,10): error TS2305: Module '"@prisma/client"' has no exported member 'TransactionType'.
src/modules/transactions/transactions.service.ts(42,17): error TS7006: Parameter 't' implicitly has an 'any' type.
src/modules/transactions/transactions.service.ts(43,18): error TS7006: Parameter 'sum' implicitly has an 'any' type.
src/modules/transactions/transactions.service.ts(43,23): error TS7006: Parameter 't' implicitly has an 'any' type.
src/modules/transactions/transactions.service.ts(46,17): error TS7006: Parameter 't' implicitly has an 'any' type.
src/modules/transactions/transactions.service.ts(47,18): error TS7006: Parameter 'sum' implicitly has an 'any' type.
src/modules/transactions/transactions.service.ts(47,23): error TS7006: Parameter 't' implicitly has an 'any' type.
src/modules/transactions/transactions.service.ts(78,26): error TS7006: Parameter 't' implicitly has an 'any' type.
src/modules/transactions/transactions.service.ts(83,17): error TS7006: Parameter 't' implicitly has an 'any' type.
src/modules/transactions/transactions.service.ts(84,18): error TS7006: Parameter 'sum' implicitly has an 'any' type.
src/modules/transactions/transactions.service.ts(84,23): error TS7006: Parameter 't' implicitly has an 'any' type.
src/modules/transactions/transactions.service.ts(87,17): error TS7006: Parameter 't' implicitly has an 'any' type.
src/modules/transactions/transactions.service.ts(88,18): error TS7006: Parameter 'sum' implicitly has an 'any' type.
src/modules/transactions/transactions.service.ts(88,23): error TS7006: Parameter 't' implicitly has an 'any' type.
src/modules/users/users.service.ts(3,10): error TS2305: Module '"@prisma/client"' has no exported member 'UserRole'.
